src/components/features/crm/analytics-dashboard.tsx(414,102): error TS2339: Property 'staleCount' does not exist on type '{ funnel: FunnelStage[]; velocity: VelocityMetrics; followUp: FollowUpMetrics; health: HealthScore; advanced: DashboardInsights; critical: StaleLead[]; warning: StaleLead[]; healthy: number; totalOpen: number; }'.
src/components/features/crm/analytics-dashboard.tsx(418,103): error TS2339: Property 'warningCount' does not exist on type '{ funnel: FunnelStage[]; velocity: VelocityMetrics; followUp: FollowUpMetrics; health: HealthScore; advanced: DashboardInsights; critical: StaleLead[]; warning: StaleLead[]; healthy: number; totalOpen: number; }'.
src/components/features/crm/analytics-dashboard.tsx(422,105): error TS2339: Property 'totalLeads' does not exist on type '{ funnel: FunnelStage[]; velocity: VelocityMetrics; followUp: FollowUpMetrics; health: HealthScore; advanced: DashboardInsights; critical: StaleLead[]; warning: StaleLead[]; healthy: number; totalOpen: number; }'.
src/components/features/crm/analytics-dashboard.tsx(422,131): error TS2339: Property 'staleCount' does not exist on type '{ funnel: FunnelStage[]; velocity: VelocityMetrics; followUp: FollowUpMetrics; health: HealthScore; advanced: DashboardInsights; critical: StaleLead[]; warning: StaleLead[]; healthy: number; totalOpen: number; }'.
src/components/features/crm/analytics-dashboard.tsx(422,157): error TS2339: Property 'warningCount' does not exist on type '{ funnel: FunnelStage[]; velocity: VelocityMetrics; followUp: FollowUpMetrics; health: HealthScore; advanced: DashboardInsights; critical: StaleLead[]; warning: StaleLead[]; healthy: number; totalOpen: number; }'.
src/components/features/crm/analytics-dashboard.tsx(426,157): error TS2551: Property 'complianceScore' does not exist on type 'FollowUpMetrics'. Did you mean 'complianceRate'?
src/lib/insights-helper.ts(134,20): error TS2339: Property 'utmTerm' does not exist on type '{ id: string; createdAt: Date; organizationId: string; status: string; utmSource: string | null; utmCampaign: string | null; transaction: string; paymentType: string | null; currency: string | null; ... 12 more ...; approvedDate: Date | null; }'.
